// Jest Snapshot v1, https://goo.gl/fbAQLP

exports[`Test route wrapper unit Should match with snapshot 1`] = `
<BrowserRouter>
  <Switch>
    <Route
      component={[Function]}
      exact={true}
      path="/"
    />
    <Route
      component={[Function]}
      exact={true}
      path="/chat"
    />
  </Switch>
</BrowserRouter>
`;
